../Core/Src/main.c:127:6:HAL_TIM_IC_CaptureCallback	16	static
../Core/Src/main.c:144:5:main	8	static
../Core/Src/main.c:248:6:SystemClock_Config	88	static
../Core/Src/main.c:295:13:MX_TIM1_Init	32	static
../Core/Src/main.c:341:13:MX_TIM2_Init	56	static
../Core/Src/main.c:390:13:MX_TIM4_Init	56	static
../Core/Src/main.c:439:13:MX_TIM5_Init	64	static
../Core/Src/main.c:501:13:MX_DMA_Init	16	static
../Core/Src/main.c:522:13:MX_GPIO_Init	40	static
../Core/Src/main.c:559:6:drive	16	static
../Core/Src/main.c:600:6:speedRight	16	static
../Core/Src/main.c:607:6:speedLeft	16	static
../Core/Src/main.c:614:6:updateDistance	16	static
../Core/Src/main.c:641:6:StartDefaultTask	16	static
../Core/Src/main.c:662:6:StartpDistance	16	static
../Core/Src/main.c:683:6:StartTicks	16	static
../Core/Src/main.c:708:6:StartDirection	16	static
../Core/Src/main.c:737:6:HAL_TIM_PeriodElapsedCallback	16	static
../Core/Src/main.c:754:6:Error_Handler	4	static,ignoring_inline_asm
